  • electron-builder  version=26.8.1 os=10.0.26200
  • loaded configuration  file=package.json ("build" field)
  • effective config  config=directories:
  output: release
  buildResources: build
appId: com.kyaxa.library
productName: Kyaxa Library
npmRebuild: true
files:
  - filter:
      - dist/**/*
      - electron/dist/**/*
extraMetadata:
  main: electron/dist/main.js
win:
  target: nsis
  icon: build/icon.ico
  verifyUpdateCodeSignature: false
nsis:
  oneClick: false
  allowToChangeInstallationDirectory: true
  installerIcon: build/icon.ico
  uninstallerIcon: build/icon.ico
  installerSidebar: build/installerSidebar.bmp
  uninstallerSidebar: build/installerSidebar.bmp
  installerHeader: build/installerHeader.bmp
  installerHeaderIcon: build/icon.ico
  include: build/installer.nsh
  createDesktopShortcut: false
  createStartMenuShortcut: false
  shortcutName: Kyaxa Library
  artifactName: KyaxaLibrarySetup-${version}.exe
  uninstallDisplayName: Kyaxa Library
  deleteAppDataOnUninstall: false

  • no event listeners found  event=beforePack
  • spawning        command=npm prefix -w cwd=C:\Users\darir\Coding shi\libraryxxx
  • exited          command=npm code=1 pid=21076
  • executing @electron/rebuild  electronVersion=40.8.0 arch=x64 buildFromSource=false workspaceRoot=C:\Users\darir\Coding shi\libraryxxx projectDir=./ appDir=./
  • installing native dependencies  arch=x64
  • preparing       moduleName=better-sqlite3 arch=x64
  • finished        moduleName=better-sqlite3 arch=x64
  • skipped. set ENV=electron-rebuild to determine why  moduleName=better-sqlite3 arch=x64
  • completed installing native dependencies
  • packaging       platform=win32 arch=x64 electron=40.8.0 appOutDir=release\win-unpacked
  • no custom electronDist provided, unpacking default Electron distribution
  • spawning        command=C:\Users\darir\Coding shi\libraryxxx\node_modules\app-builder-bin\win\x64\app-builder.exe unpack-electron --configuration [{"platform":"win32","arch":"x64","version":"40.8.0"}] --output C:\Users\darir\Coding shi\libraryxxx\release\win-unpacked --distMacOsAppName Electron.app
  • map async       taskCount=2
  • map async       taskCount=1
  ⨯ remove C:\Users\darir\Coding shi\libraryxxx\release\win-unpacked\resources\app.asar: The process cannot access the file because it is being used by another process.
github.com/develar/go-fs-util.EnsureEmptyDir
	/Users/runner/go/pkg/mod/github.com/develar/go-fs-util@v0.0.0-20190620175131-69a2d4542206/fs.go:98
github.com/develar/app-builder/pkg/electron.UnpackElectron.func1.1
	/Users/runner/work/app-builder/app-builder/pkg/electron/electronUnpack.go:38
github.com/develar/app-builder/pkg/util.MapAsyncConcurrency.func2
	/Users/runner/work/app-builder/app-builder/pkg/util/async.go:68
runtime.goexit
	/Users/runner/hostedtoolcache/go/1.21.13/arm64/src/runtime/asm_amd64.s:1650  
  • exited          command=app-builder.exe code=1 pid=17848
  ⨯ C:\Users\darir\Coding shi\libraryxxx\node_modules\app-builder-bin\win\x64\app-builder.exe process failed ERR_ELECTRON_BUILDER_CANNOT_EXECUTE
Exit code:
1  failedTask=build stackTrace=Error: C:\Users\darir\Coding shi\libraryxxx\node_modules\app-builder-bin\win\x64\app-builder.exe process failed ERR_ELECTRON_BUILDER_CANNOT_EXECUTE
Exit code:
1
    at ChildProcess.<anonymous> (C:\Users\darir\Coding shi\libraryxxx\node_modules\builder-util\src\util.ts:272:14)
    at Object.onceWrapper (node:events:623:26)
    at ChildProcess.emit (node:events:508:28)
    at ChildProcess.cp.emit (C:\Users\darir\Coding shi\libraryxxx\node_modules\cross-spawn\lib\enoent.js:34:29)
    at maybeClose (node:internal/child_process:1101:16)
    at Process.ChildProcess._handle.onexit (node:internal/child_process:305:5)
